"2025-11-08 17:34:44.366 [restartedMain] INFO  c.d.test_demo3.TestDemo3Application - Starting TestDemo3Application using Java 1.8.0_151 on IT-013487 with PID 39688 (E:\javaProject\test_demo3\target\classes started by 013487 in E:\javaProject\test_demo3)
""2025-11-08 17:34:44.366 [restartedMain] INFO  c.d.test_demo3.TestDemo3Application - No active profile set, falling back to 1 default profile: "default"
""2025-11-08 17:34:44.492 [restartedMain] INFO  o.s.d.r.c.RepositoryConfigurationDelegate - Multiple Spring Data modules found, entering strict repository configuration mode
""2025-11-08 17:34:44.492 [restartedMain] INFO  o.s.d.r.c.RepositoryConfigurationDelegate - Bootstrapping Spring Data Redis repositories in DEFAULT mode.
""2025-11-08 17:34:44.497 [restartedMain] INFO  o.s.d.r.c.RepositoryConfigurationDelegate - Finished Spring Data repository scanning in 2 ms. Found 0 Redis repository interfaces.
""2025-11-08 17:34:44.542 [restartedMain] INFO  o.s.b.w.e.tomcat.TomcatWebServer - Tomcat initialized with port(s): 8080 (http)
""2025-11-08 17:34:44.543 [restartedMain] INFO  o.a.catalina.core.StandardService - Starting service [Tomcat]
""2025-11-08 17:34:44.543 [restartedMain] INFO  o.a.catalina.core.StandardEngine - Starting Servlet engine: [Apache Tomcat/9.0.69]
""2025-11-08 17:34:44.558 [restartedMain] INFO  o.a.c.c.C.[Tomcat].[localhost].[/] - Initializing Spring embedded WebApplicationContext
""2025-11-08 17:34:44.559 [restartedMain] INFO  o.s.b.w.s.c.ServletWebServerApplicationContext - Root WebApplicationContext: initialization completed in 192 ms
""2025-11-08 17:34:44.712 [restartedMain] INFO  o.s.b.a.w.s.WelcomePageHandlerMapping - Adding welcome page: class path resource [static/index.html]
""2025-11-08 17:34:44.729 [restartedMain] WARN  o.s.b.a.t.ThymeleafAutoConfiguration$DefaultTemplateResolverConfiguration - Cannot find template location: classpath:/templates/ (please add some templates, check your Thymeleaf configuration, or set spring.thymeleaf.check-template-location=false)
""2025-11-08 17:34:44.729 [restartedMain] WARN  o.t.templatemode.TemplateMode - [THYMELEAF][restartedMain] Template Mode 'HTML5' is deprecated. Using Template Mode 'HTML' instead.
""2025-11-08 17:34:44.772 [restartedMain] INFO  o.s.b.d.a.OptionalLiveReloadServer - LiveReload server is running on port 35729
""2025-11-08 17:34:44.781 [restartedMain] INFO  o.s.b.w.e.tomcat.TomcatWebServer - Tomcat started on port(s): 8080 (http) with context path ''
""2025-11-08 17:34:44.785 [restartedMain] INFO  c.d.test_demo3.TestDemo3Application - Started TestDemo3Application in 0.446 seconds (JVM running for 2961.544)
""2025-11-08 17:34:44.787 [restartedMain] INFO  o.s.b.d.a.ConditionEvaluationDeltaLoggingListener - Condition evaluation unchanged
""2025-11-08 17:35:16.815 [File Watcher] INFO  o.s.b.d.a.LocalDevToolsAutoConfiguration$RestartingClassPathChangeChangedEventListener - Restarting due to 1 class path change (1 addition, 0 deletions, 0 modifications)
""2025-11-08 17:35:16.842 [Thread-23] INFO  o.a.catalina.core.StandardService - Stopping service [Tomcat]
"