2025-11-08 17:45:58.698 [http-nio-8080-exec-1] ERROR c.d.test_demo3.controller.ExceptionController - 进入全局异常测试方法，参数name为：global
2025-11-08 17:45:58.698 [http-nio-8080-exec-1] ERROR c.d.test_demo3.Exception.GlobalExceptionHandler - 捕获到全局异常，异常信息为：参数name不能为global11
2025-11-08 17:48:03.208 [restartedMain] ERROR org.springframework.boot.SpringApplication - Application run failed
java.lang.IllegalStateException: java.lang.IllegalStateException: Logback configuration error detected: 
ERROR in ch.qos.logback.core.rolling.RollingFileAppender[INFO_FILE] - 'File' option has the same value "./logs/error.log" as that given for appender [ERROR_FILE] defined earlier.
ERROR in ch.qos.logback.core.rolling.RollingFileAppender[INFO_FILE] - Collisions detected with FileAppender/RollingAppender instances defined earlier. Aborting.
ERROR in ch.qos.logback.core.rolling.RollingFileAppender[INFO_FILE] - For more information, please visit http://logback.qos.ch/codes.html#earlier_fa_collision
	at org.springframework.boot.context.logging.LoggingApplicationListener.initializeSystem(LoggingApplicationListener.java:344)
	at org.springframework.boot.context.logging.LoggingApplicationListener.initialize(LoggingApplicationListener.java:298)
	at org.springframework.boot.context.logging.LoggingApplicationListener.onApplicationEnvironmentPreparedEvent(LoggingApplicationListener.java:246)
	at org.springframework.boot.context.logging.LoggingApplicationListener.onApplicationEvent(LoggingApplicationListener.java:223)
	at org.springframework.context.event.SimpleApplicationEventMulticaster.doInvokeListener(SimpleApplicationEventMulticaster.java:176)
	at org.springframework.context.event.SimpleApplicationEventMulticaster.invokeListener(SimpleApplicationEventMulticaster.java:169)
	at org.springframework.context.event.SimpleApplicationEventMulticaster.multicastEvent(SimpleApplicationEventMulticaster.java:143)
	at org.springframework.context.event.SimpleApplicationEventMulticaster.multicastEvent(SimpleApplicationEventMulticaster.java:131)
	at org.springframework.boot.context.event.EventPublishingRunListener.environmentPrepared(EventPublishingRunListener.java:85)
	at org.springframework.boot.SpringApplicationRunListeners.lambda$environmentPrepared$2(SpringApplicationRunListeners.java:66)
	at java.util.ArrayList.forEach(ArrayList.java:1255)
	at org.springframework.boot.SpringApplicationRunListeners.doWithListeners(SpringApplicationRunListeners.java:120)
	at org.springframework.boot.SpringApplicationRunListeners.doWithListeners(SpringApplicationRunListeners.java:114)
	at org.springframework.boot.SpringApplicationRunListeners.environmentPrepared(SpringApplicationRunListeners.java:65)
	at org.springframework.boot.SpringApplication.prepareEnvironment(SpringApplication.java:343)
	at org.springframework.boot.SpringApplication.run(SpringApplication.java:301)
	at org.springframework.boot.SpringApplication.run(SpringApplication.java:1303)
	at org.springframework.boot.SpringApplication.run(SpringApplication.java:1292)
	at com.dongbao.test_demo3.TestDemo3Application.main(TestDemo3Application.java:12)
	at sun.reflect.NativeMethodAccessorImpl.invoke0(Native Method)
	at sun.reflect.NativeMethodAccessorImpl.invoke(NativeMethodAccessorImpl.java:62)
	at sun.reflect.DelegatingMethodAccessorImpl.invoke(DelegatingMethodAccessorImpl.java:43)
	at java.lang.reflect.Method.invoke(Method.java:498)
	at org.springframework.boot.devtools.restart.RestartLauncher.run(RestartLauncher.java:49)
Caused by: java.lang.IllegalStateException: Logback configuration error detected: 
ERROR in ch.qos.logback.core.rolling.RollingFileAppender[INFO_FILE] - 'File' option has the same value "./logs/error.log" as that given for appender [ERROR_FILE] defined earlier.
ERROR in ch.qos.logback.core.rolling.RollingFileAppender[INFO_FILE] - Collisions detected with FileAppender/RollingAppender instances defined earlier. Aborting.
ERROR in ch.qos.logback.core.rolling.RollingFileAppender[INFO_FILE] - For more information, please visit http://logback.qos.ch/codes.html#earlier_fa_collision
	at org.springframework.boot.logging.logback.LogbackLoggingSystem.loadConfiguration(LogbackLoggingSystem.java:179)
	at org.springframework.boot.logging.AbstractLoggingSystem.initializeWithConventions(AbstractLoggingSystem.java:80)
	at org.springframework.boot.logging.AbstractLoggingSystem.initialize(AbstractLoggingSystem.java:60)
	at org.springframework.boot.logging.logback.LogbackLoggingSystem.initialize(LogbackLoggingSystem.java:132)
	at org.springframework.boot.context.logging.LoggingApplicationListener.initializeSystem(LoggingApplicationListener.java:329)
	... 23 common frames omitted
2025-11-08 17:48:37.067 [http-nio-8080-exec-2] ERROR c.d.test_demo3.controller.ExceptionController - 进入全局异常测试方法，参数name为：global
2025-11-08 17:48:37.068 [http-nio-8080-exec-2] ERROR c.d.test_demo3.Exception.GlobalExceptionHandler - 捕获到全局异常，异常信息为：参数name不能为global11
2025-11-08 17:58:48.200 [restartedMain] ERROR org.springframework.boot.SpringApplication - Application run failed
java.lang.IllegalStateException: java.lang.IllegalStateException: Logback configuration error detected: 
ERROR in ch.qos.logback.core.pattern.parser.Compiler@1ad43ece - There is no conversion class registered for conversion word [i1]
ERROR in ch.qos.logback.core.pattern.parser.Compiler@1ad43ece - [i1] is not a valid conversion word
ERROR in ch.qos.logback.core.pattern.parser.Compiler@421b9442 - There is no conversion class registered for conversion word [i1]
ERROR in ch.qos.logback.core.pattern.parser.Compiler@421b9442 - [i1] is not a valid conversion word
ERROR in ch.qos.logback.core.rolling.SizeAndTimeBasedFNATP@dbbe3dd - Missing integer token, that is %i, in FileNamePattern [./logs/my-springboot-app.%d{yyyy-MM-dd}.%i1.log]
ERROR in ch.qos.logback.core.rolling.SizeAndTimeBasedFNATP@dbbe3dd - See also http://logback.qos.ch/codes.html#sat_missing_integer_token
	at org.springframework.boot.context.logging.LoggingApplicationListener.initializeSystem(LoggingApplicationListener.java:344)
	at org.springframework.boot.context.logging.LoggingApplicationListener.initialize(LoggingApplicationListener.java:298)
	at org.springframework.boot.context.logging.LoggingApplicationListener.onApplicationEnvironmentPreparedEvent(LoggingApplicationListener.java:246)
	at org.springframework.boot.context.logging.LoggingApplicationListener.onApplicationEvent(LoggingApplicationListener.java:223)
	at org.springframework.context.event.SimpleApplicationEventMulticaster.doInvokeListener(SimpleApplicationEventMulticaster.java:176)
	at org.springframework.context.event.SimpleApplicationEventMulticaster.invokeListener(SimpleApplicationEventMulticaster.java:169)
	at org.springframework.context.event.SimpleApplicationEventMulticaster.multicastEvent(SimpleApplicationEventMulticaster.java:143)
	at org.springframework.context.event.SimpleApplicationEventMulticaster.multicastEvent(SimpleApplicationEventMulticaster.java:131)
	at org.springframework.boot.context.event.EventPublishingRunListener.environmentPrepared(EventPublishingRunListener.java:85)
	at org.springframework.boot.SpringApplicationRunListeners.lambda$environmentPrepared$2(SpringApplicationRunListeners.java:66)
	at java.util.ArrayList.forEach(ArrayList.java:1255)
	at org.springframework.boot.SpringApplicationRunListeners.doWithListeners(SpringApplicationRunListeners.java:120)
	at org.springframework.boot.SpringApplicationRunListeners.doWithListeners(SpringApplicationRunListeners.java:114)
	at org.springframework.boot.SpringApplicationRunListeners.environmentPrepared(SpringApplicationRunListeners.java:65)
	at org.springframework.boot.SpringApplication.prepareEnvironment(SpringApplication.java:343)
	at org.springframework.boot.SpringApplication.run(SpringApplication.java:301)
	at org.springframework.boot.SpringApplication.run(SpringApplication.java:1303)
	at org.springframework.boot.SpringApplication.run(SpringApplication.java:1292)
	at com.dongbao.test_demo3.TestDemo3Application.main(TestDemo3Application.java:12)
	at sun.reflect.NativeMethodAccessorImpl.invoke0(Native Method)
	at sun.reflect.NativeMethodAccessorImpl.invoke(NativeMethodAccessorImpl.java:62)
	at sun.reflect.DelegatingMethodAccessorImpl.invoke(DelegatingMethodAccessorImpl.java:43)
	at java.lang.reflect.Method.invoke(Method.java:498)
	at org.springframework.boot.devtools.restart.RestartLauncher.run(RestartLauncher.java:49)
Caused by: java.lang.IllegalStateException: Logback configuration error detected: 
ERROR in ch.qos.logback.core.pattern.parser.Compiler@1ad43ece - There is no conversion class registered for conversion word [i1]
ERROR in ch.qos.logback.core.pattern.parser.Compiler@1ad43ece - [i1] is not a valid conversion word
ERROR in ch.qos.logback.core.pattern.parser.Compiler@421b9442 - There is no conversion class registered for conversion word [i1]
ERROR in ch.qos.logback.core.pattern.parser.Compiler@421b9442 - [i1] is not a valid conversion word
ERROR in ch.qos.logback.core.rolling.SizeAndTimeBasedFNATP@dbbe3dd - Missing integer token, that is %i, in FileNamePattern [./logs/my-springboot-app.%d{yyyy-MM-dd}.%i1.log]
ERROR in ch.qos.logback.core.rolling.SizeAndTimeBasedFNATP@dbbe3dd - See also http://logback.qos.ch/codes.html#sat_missing_integer_token
	at org.springframework.boot.logging.logback.LogbackLoggingSystem.loadConfiguration(LogbackLoggingSystem.java:179)
	at org.springframework.boot.logging.AbstractLoggingSystem.initializeWithConventions(AbstractLoggingSystem.java:80)
	at org.springframework.boot.logging.AbstractLoggingSystem.initialize(AbstractLoggingSystem.java:60)
	at org.springframework.boot.logging.logback.LogbackLoggingSystem.initialize(LogbackLoggingSystem.java:132)
	at org.springframework.boot.context.logging.LoggingApplicationListener.initializeSystem(LoggingApplicationListener.java:329)
	... 23 common frames omitted
2025-11-08 17:59:51.897 [http-nio-8080-exec-7] ERROR c.d.test_demo3.controller.ExceptionController - 进入全局异常测试方法，参数name为：global
2025-11-08 17:59:51.897 [http-nio-8080-exec-7] ERROR c.d.test_demo3.Exception.GlobalExceptionHandler - 捕获到全局异常，异常信息为：参数name不能为global11
2025-11-08 18:00:09.326 [http-nio-8080-exec-2] ERROR c.d.test_demo3.controller.ExceptionController - 进入全局异常测试方法，参数name为：global
2025-11-08 18:00:09.327 [http-nio-8080-exec-2] ERROR c.d.test_demo3.Exception.GlobalExceptionHandler - 捕获到全局异常，异常信息为：参数name不能为global11
2025-11-08 18:00:19.904 [http-nio-8080-exec-7] ERROR c.d.test_demo3.controller.ExceptionController - 进入全局异常测试方法，参数name为：global
2025-11-08 18:00:19.905 [http-nio-8080-exec-7] ERROR c.d.test_demo3.Exception.GlobalExceptionHandler - 捕获到全局异常，异常信息为：参数name不能为global11
2025-11-08 18:01:04.146 [http-nio-8080-exec-2] ERROR c.d.test_demo3.controller.ExceptionController - 进入全局异常测试方法，参数name为：global
2025-11-08 18:01:04.146 [http-nio-8080-exec-2] ERROR c.d.test_demo3.Exception.GlobalExceptionHandler - 捕获到全局异常，异常信息为：参数name不能为global11
